[2026-02-22 07:07:19] [INFO] Cozy Animator launched (debug mode: True)
[2026-02-22 07:07:19] [INFO] TextAnimatorWindow initializing...
[2026-02-22 07:07:20] [INFO] TextAnimatorWindow ready
[2026-02-22 07:07:20] [DEBUG] → _regenerate_preview()
[2026-02-22 07:07:20] [DEBUG] Preview cleared (empty input)
[2026-02-22 07:07:20] [DEBUG] ← _regenerate_preview → None  (0.001s)
[2026-02-22 07:07:24] [DEBUG] → _regenerate_preview()
[2026-02-22 07:07:24] [DEBUG] → _generate_in_memory_frames()
[2026-02-22 07:07:24] [DEBUG] ← _generate_in_memory_frames → …  (0.087s)
[2026-02-22 07:07:24] [DEBUG] Preview regenerated successfully – 4 frames
[2026-02-22 07:07:24] [DEBUG] ← _regenerate_preview → None  (0.091s)
[2026-02-22 07:07:25] [DEBUG] → _regenerate_preview()
[2026-02-22 07:07:25] [DEBUG] → _generate_in_memory_frames()
[2026-02-22 07:07:25] [DEBUG] ← _generate_in_memory_frames → …  (0.045s)
[2026-02-22 07:07:25] [DEBUG] Preview regenerated successfully – 4 frames
[2026-02-22 07:07:25] [DEBUG] ← _regenerate_preview → None  (0.046s)
[2026-02-22 07:07:26] [DEBUG] → _regenerate_preview()
[2026-02-22 07:07:26] [DEBUG] → _generate_in_memory_frames()
[2026-02-22 07:07:26] [DEBUG] ← _generate_in_memory_frames → …  (0.050s)
[2026-02-22 07:07:26] [DEBUG] Preview regenerated successfully – 4 frames
[2026-02-22 07:07:26] [DEBUG] ← _regenerate_preview → None  (0.052s)
[2026-02-22 07:07:27] [DEBUG] → _regenerate_preview()
[2026-02-22 07:07:27] [DEBUG] → _generate_in_memory_frames()
[2026-02-22 07:07:27] [DEBUG] ← _generate_in_memory_frames → …  (0.048s)
[2026-02-22 07:07:27] [DEBUG] Preview regenerated successfully – 4 frames
[2026-02-22 07:07:27] [DEBUG] ← _regenerate_preview → None  (0.050s)
[2026-02-22 20:10:03] [INFO] Cozy Animator launched (debug mode: True)
[2026-02-22 20:10:03] [INFO] TextAnimatorWindow initializing...
[2026-02-22 20:10:03] [INFO] TextAnimatorWindow ready
[2026-02-22 20:10:03] [DEBUG] → _regenerate_preview()
[2026-02-22 20:10:03] [DEBUG] Preview cleared (empty input)
[2026-02-22 20:10:03] [DEBUG] ← _regenerate_preview → None  (0.001s)
[2026-02-22 20:10:07] [DEBUG] → _regenerate_preview()
[2026-02-22 20:10:07] [DEBUG] → _generate_in_memory_frames()
[2026-02-22 20:10:07] [DEBUG] ← _generate_in_memory_frames → …  (0.064s)
[2026-02-22 20:10:07] [DEBUG] Preview regenerated successfully – 4 frames
[2026-02-22 20:10:07] [DEBUG] ← _regenerate_preview → None  (0.066s)
[2026-02-22 20:10:08] [DEBUG] → _regenerate_preview()
[2026-02-22 20:10:08] [DEBUG] → _generate_in_memory_frames()
[2026-02-22 20:10:08] [DEBUG] ← _generate_in_memory_frames → …  (0.046s)
[2026-02-22 20:10:08] [DEBUG] Preview regenerated successfully – 4 frames
[2026-02-22 20:10:08] [DEBUG] ← _regenerate_preview → None  (0.051s)
[2026-02-22 20:10:09] [DEBUG] → _regenerate_preview()
[2026-02-22 20:10:09] [DEBUG] → _generate_in_memory_frames()
[2026-02-22 20:10:09] [DEBUG] ← _generate_in_memory_frames → …  (0.046s)
[2026-02-22 20:10:09] [DEBUG] Preview regenerated successfully – 4 frames
[2026-02-22 20:10:09] [DEBUG] ← _regenerate_preview → None  (0.048s)
[2026-02-22 20:10:10] [DEBUG] → _regenerate_preview()
[2026-02-22 20:10:10] [DEBUG] → _generate_in_memory_frames()
[2026-02-22 20:10:10] [DEBUG] ← _generate_in_memory_frames → …  (0.045s)
[2026-02-22 20:10:10] [DEBUG] Preview regenerated successfully – 4 frames
[2026-02-22 20:10:10] [DEBUG] ← _regenerate_preview → None  (0.046s)
[2026-02-22 20:10:11] [DEBUG] → _regenerate_preview()
[2026-02-22 20:10:11] [DEBUG] → _generate_in_memory_frames()
[2026-02-22 20:10:11] [DEBUG] ← _generate_in_memory_frames → …  (0.046s)
[2026-02-22 20:10:11] [DEBUG] Preview regenerated successfully – 4 frames
[2026-02-22 20:10:11] [DEBUG] ← _regenerate_preview → None  (0.047s)
[2026-02-22 20:10:12] [DEBUG] → _regenerate_preview()
[2026-02-22 20:10:12] [DEBUG] → _generate_in_memory_frames()
[2026-02-22 20:10:12] [DEBUG] ← _generate_in_memory_frames → …  (0.047s)
[2026-02-22 20:10:12] [DEBUG] Preview regenerated successfully – 4 frames
[2026-02-22 20:10:12] [DEBUG] ← _regenerate_preview → None  (0.049s)
[2026-02-22 20:10:12] [DEBUG] → _regenerate_preview()
[2026-02-22 20:10:12] [DEBUG] → _generate_in_memory_frames()
[2026-02-22 20:10:13] [DEBUG] ← _generate_in_memory_frames → …  (0.047s)
[2026-02-22 20:10:13] [DEBUG] Preview regenerated successfully – 4 frames
[2026-02-22 20:10:13] [DEBUG] ← _regenerate_preview → None  (0.048s)
[2026-02-22 20:10:13] [DEBUG] → _regenerate_preview()
[2026-02-22 20:10:13] [DEBUG] → _generate_in_memory_frames()
[2026-02-22 20:10:13] [DEBUG] ← _generate_in_memory_frames → …  (0.082s)
[2026-02-22 20:10:13] [DEBUG] Preview regenerated successfully – 7 frames
[2026-02-22 20:10:13] [DEBUG] ← _regenerate_preview → None  (0.084s)
[2026-02-22 20:10:14] [DEBUG] → _regenerate_preview()
[2026-02-22 20:10:14] [DEBUG] → _generate_in_memory_frames()
[2026-02-22 20:10:14] [DEBUG] ← _generate_in_memory_frames → …  (0.100s)
[2026-02-22 20:10:14] [DEBUG] Preview regenerated successfully – 9 frames
[2026-02-22 20:10:14] [DEBUG] ← _regenerate_preview → None  (0.102s)
[2026-02-22 20:10:15] [DEBUG] → _regenerate_preview()
[2026-02-22 20:10:15] [DEBUG] → _generate_in_memory_frames()
[2026-02-22 20:10:15] [DEBUG] ← _generate_in_memory_frames → …  (0.123s)
[2026-02-22 20:10:15] [DEBUG] Preview regenerated successfully – 11 frames
[2026-02-22 20:10:15] [DEBUG] ← _regenerate_preview → None  (0.124s)
[2026-02-22 20:10:15] [DEBUG] → _regenerate_preview()
[2026-02-22 20:10:15] [DEBUG] → _generate_in_memory_frames()
[2026-02-22 20:10:15] [DEBUG] ← _generate_in_memory_frames → …  (0.135s)
[2026-02-22 20:10:15] [DEBUG] Preview regenerated successfully – 12 frames
[2026-02-22 20:10:15] [DEBUG] ← _regenerate_preview → None  (0.138s)
[2026-02-22 20:10:16] [DEBUG] → _regenerate_preview()
[2026-02-22 20:10:16] [DEBUG] → _generate_in_memory_frames()
[2026-02-22 20:10:16] [DEBUG] ← _generate_in_memory_frames → …  (0.151s)
[2026-02-22 20:10:16] [DEBUG] Preview regenerated successfully – 13 frames
[2026-02-22 20:10:16] [DEBUG] ← _regenerate_preview → None  (0.153s)
[2026-02-22 20:10:16] [DEBUG] → _regenerate_preview()
[2026-02-22 20:10:16] [DEBUG] → _generate_in_memory_frames()
[2026-02-22 20:10:16] [DEBUG] ← _generate_in_memory_frames → …  (0.161s)
[2026-02-22 20:10:16] [DEBUG] Preview regenerated successfully – 14 frames
[2026-02-22 20:10:16] [DEBUG] ← _regenerate_preview → None  (0.164s)
[2026-02-22 20:10:17] [DEBUG] → _regenerate_preview()
[2026-02-22 20:10:17] [DEBUG] → _generate_in_memory_frames()
[2026-02-22 20:10:17] [DEBUG] ← _generate_in_memory_frames → …  (0.163s)
[2026-02-22 20:10:17] [DEBUG] Preview regenerated successfully – 14 frames
[2026-02-22 20:10:17] [DEBUG] ← _regenerate_preview → None  (0.165s)
[2026-02-22 20:15:51] [INFO] Cozy Animator launched (debug mode: True)
[2026-02-22 20:15:51] [INFO] TextAnimatorWindow initializing...
[2026-02-22 20:15:51] [INFO] TextAnimatorWindow ready
[2026-02-22 20:15:51] [DEBUG] → _regenerate_preview()
[2026-02-22 20:15:51] [DEBUG] Preview cleared (empty input)
[2026-02-22 20:15:51] [DEBUG] ← _regenerate_preview → None (0.000s)
[2026-02-22 20:15:56] [DEBUG] → _regenerate_preview()
[2026-02-22 20:15:56] [DEBUG] → _generate_in_memory_frames()
[2026-02-22 20:15:56] [DEBUG] ← _generate_in_memory_frames → … (0.051s)
[2026-02-22 20:15:56] [DEBUG] Preview regenerated successfully – 4 frames
[2026-02-22 20:15:56] [DEBUG] ← _regenerate_preview → None (0.052s)
[2026-02-22 20:15:57] [DEBUG] → _regenerate_preview()
[2026-02-22 20:15:57] [DEBUG] → _generate_in_memory_frames()
[2026-02-22 20:15:57] [DEBUG] ← _generate_in_memory_frames → … (0.047s)
[2026-02-22 20:15:57] [DEBUG] Preview regenerated successfully – 4 frames
[2026-02-22 20:15:57] [DEBUG] ← _regenerate_preview → None (0.048s)
[2026-02-22 20:15:58] [DEBUG] → _regenerate_preview()
[2026-02-22 20:15:58] [DEBUG] → _generate_in_memory_frames()
[2026-02-22 20:15:58] [DEBUG] ← _generate_in_memory_frames → … (0.047s)
[2026-02-22 20:15:58] [DEBUG] Preview regenerated successfully – 4 frames
[2026-02-22 20:15:58] [DEBUG] ← _regenerate_preview → None (0.048s)
[2026-02-22 20:19:26] [INFO] Cozy Animator launched (debug mode: True)
[2026-02-22 20:19:26] [INFO] TextAnimatorWindow initializing...
[2026-02-22 20:19:26] [INFO] TextAnimatorWindow ready
[2026-02-22 20:19:26] [DEBUG] → _regenerate_preview()
[2026-02-22 20:19:26] [DEBUG] Preview cleared (empty input)
[2026-02-22 20:19:26] [DEBUG] ← _regenerate_preview → None (0.000s)
[2026-02-22 20:21:03] [INFO] Cozy Animator launched (debug mode: True)
[2026-02-22 20:21:03] [INFO] TextAnimatorWindow initializing...
[2026-02-22 20:21:03] [INFO] TextAnimatorWindow ready
[2026-02-22 20:21:03] [DEBUG] → _regenerate_preview()
[2026-02-22 20:21:03] [DEBUG] Preview cleared (empty input)
[2026-02-22 20:21:03] [DEBUG] ← _regenerate_preview → None (0.000s)
[2026-02-22 20:21:22] [INFO] Cozy Animator launched (debug mode: True)
[2026-02-22 20:21:22] [INFO] TextAnimatorWindow initializing...
[2026-02-22 20:21:22] [INFO] TextAnimatorWindow ready
[2026-02-22 20:21:22] [DEBUG] → _regenerate_preview()
[2026-02-22 20:21:22] [DEBUG] Preview cleared (empty input)
[2026-02-22 20:21:22] [DEBUG] ← _regenerate_preview → None (0.000s)
[2026-02-22 20:24:11] [INFO] Cozy Animator launched (debug mode: True)
[2026-02-22 20:24:11] [INFO] TextAnimatorWindow initializing...
[2026-02-22 20:24:11] [INFO] TextAnimatorWindow ready
[2026-02-22 20:24:11] [DEBUG] → _regenerate_preview()
[2026-02-22 20:24:11] [DEBUG] Preview cleared (empty input)
[2026-02-22 20:24:11] [DEBUG] ← _regenerate_preview → None (0.000s)
[2026-02-22 20:24:31] [INFO] Cozy Animator launched (debug mode: True)
[2026-02-22 20:24:31] [INFO] TextAnimatorWindow initializing...
[2026-02-22 20:24:32] [INFO] TextAnimatorWindow ready
[2026-02-22 20:24:32] [DEBUG] → _regenerate_preview()
[2026-02-22 20:24:32] [DEBUG] Preview cleared (empty input)
[2026-02-22 20:24:32] [DEBUG] ← _regenerate_preview → None (0.000s)
[2026-02-22 20:26:46] [INFO] Cozy Animator launched (debug mode: False)
[2026-02-22 20:26:46] [INFO] TextAnimatorWindow initializing...
[2026-02-22 20:26:46] [INFO] TextAnimatorWindow ready
[2026-02-22 20:46:38] [INFO] Cozy Animator launched (debug mode: False)
[2026-02-22 20:46:38] [INFO] TextAnimatorWindow initializing...
[2026-02-22 20:46:38] [INFO] TextAnimatorWindow ready
