[2026-02-11 00:02:17] [INFO] Cozy Animator launched (debug mode: True)
[2026-02-11 00:02:17] [INFO] TextAnimatorWindow initializing...
[2026-02-11 00:02:17] [INFO] TextAnimatorWindow ready
[2026-02-11 00:02:17] [DEBUG] → _regenerate_preview()
[2026-02-11 00:02:17] [DEBUG] Preview cleared (empty input)
[2026-02-11 00:02:17] [DEBUG] ← _regenerate_preview → None  (0.000s)
[2026-02-11 00:04:50] [INFO] Cozy Animator launched (debug mode: True)
[2026-02-11 00:04:50] [INFO] TextAnimatorWindow initializing...
[2026-02-11 00:04:50] [INFO] TextAnimatorWindow ready
[2026-02-11 00:04:50] [DEBUG] → _regenerate_preview()
[2026-02-11 00:04:50] [DEBUG] Preview cleared (empty input)
[2026-02-11 00:04:50] [DEBUG] ← _regenerate_preview → None  (0.000s)
[2026-02-11 00:10:52] [INFO] Cozy Animator launched (debug mode: True)
[2026-02-11 00:10:52] [INFO] TextAnimatorWindow initializing...
[2026-02-11 00:10:52] [INFO] TextAnimatorWindow ready
[2026-02-11 00:10:52] [DEBUG] → _regenerate_preview()
[2026-02-11 00:10:52] [DEBUG] Preview cleared (empty input)
[2026-02-11 00:10:52] [DEBUG] ← _regenerate_preview → None  (0.000s)
[2026-02-11 00:13:10] [INFO] Cozy Animator launched (debug mode: True)
[2026-02-11 00:13:10] [INFO] TextAnimatorWindow initializing...
[2026-02-11 00:13:10] [INFO] TextAnimatorWindow ready
[2026-02-11 00:13:10] [DEBUG] → _regenerate_preview()
[2026-02-11 00:13:10] [DEBUG] Preview cleared (empty input)
[2026-02-11 00:13:10] [DEBUG] ← _regenerate_preview → None  (0.000s)
[2026-02-11 00:14:55] [INFO] Cozy Animator launched (debug mode: True)
[2026-02-11 00:14:55] [INFO] TextAnimatorWindow initializing...
[2026-02-11 00:14:55] [INFO] TextAnimatorWindow ready
[2026-02-11 00:14:55] [DEBUG] → _regenerate_preview()
[2026-02-11 00:14:55] [DEBUG] Preview cleared (empty input)
[2026-02-11 00:14:55] [DEBUG] ← _regenerate_preview → None  (0.000s)
[2026-02-11 00:16:02] [INFO] Cozy Animator launched (debug mode: True)
[2026-02-11 00:16:02] [INFO] TextAnimatorWindow initializing...
[2026-02-11 00:16:02] [INFO] TextAnimatorWindow ready
[2026-02-11 00:16:02] [DEBUG] → _regenerate_preview()
[2026-02-11 00:16:02] [DEBUG] Preview cleared (empty input)
[2026-02-11 00:16:02] [DEBUG] ← _regenerate_preview → None  (0.000s)
[2026-02-11 00:16:42] [INFO] Cozy Animator launched (debug mode: True)
[2026-02-11 00:16:42] [INFO] TextAnimatorWindow initializing...
[2026-02-11 00:16:42] [INFO] TextAnimatorWindow ready
[2026-02-11 00:16:42] [DEBUG] → _regenerate_preview()
[2026-02-11 00:16:42] [DEBUG] Preview cleared (empty input)
[2026-02-11 00:16:42] [DEBUG] ← _regenerate_preview → None  (0.000s)
[2026-02-11 00:18:11] [INFO] Cozy Animator launched (debug mode: True)
[2026-02-11 00:18:11] [INFO] TextAnimatorWindow initializing...
[2026-02-11 00:18:11] [INFO] TextAnimatorWindow ready
[2026-02-11 00:18:11] [DEBUG] → _regenerate_preview()
[2026-02-11 00:18:11] [DEBUG] Preview cleared (empty input)
[2026-02-11 00:18:11] [DEBUG] ← _regenerate_preview → None  (0.000s)
[2026-02-11 00:18:40] [INFO] Cozy Animator launched (debug mode: True)
[2026-02-11 00:18:40] [INFO] TextAnimatorWindow initializing...
[2026-02-11 00:18:41] [INFO] TextAnimatorWindow ready
[2026-02-11 00:18:41] [DEBUG] → _regenerate_preview()
[2026-02-11 00:18:41] [DEBUG] Preview cleared (empty input)
[2026-02-11 00:18:41] [DEBUG] ← _regenerate_preview → None  (0.000s)
[2026-02-11 00:19:05] [INFO] Cozy Animator launched (debug mode: True)
[2026-02-11 00:19:05] [INFO] TextAnimatorWindow initializing...
[2026-02-11 00:19:05] [INFO] TextAnimatorWindow ready
[2026-02-11 00:19:05] [DEBUG] → _regenerate_preview()
[2026-02-11 00:19:05] [DEBUG] Preview cleared (empty input)
[2026-02-11 00:19:05] [DEBUG] ← _regenerate_preview → None  (0.000s)
[2026-02-11 00:19:54] [INFO] Cozy Animator launched (debug mode: True)
[2026-02-11 00:19:54] [INFO] TextAnimatorWindow initializing...
[2026-02-11 00:19:55] [INFO] TextAnimatorWindow ready
[2026-02-11 00:19:55] [DEBUG] → _regenerate_preview()
[2026-02-11 00:19:55] [DEBUG] Preview cleared (empty input)
[2026-02-11 00:19:55] [DEBUG] ← _regenerate_preview → None  (0.000s)
[2026-02-11 00:20:20] [INFO] Cozy Animator launched (debug mode: True)
[2026-02-11 00:20:20] [INFO] TextAnimatorWindow initializing...
[2026-02-11 00:20:21] [INFO] TextAnimatorWindow ready
[2026-02-11 00:20:21] [DEBUG] → _regenerate_preview()
[2026-02-11 00:20:21] [DEBUG] Preview cleared (empty input)
[2026-02-11 00:20:21] [DEBUG] ← _regenerate_preview → None  (0.000s)
[2026-02-11 00:20:30] [INFO] Cozy Animator launched (debug mode: True)
[2026-02-11 00:20:30] [INFO] TextAnimatorWindow initializing...
[2026-02-11 00:20:30] [INFO] TextAnimatorWindow ready
[2026-02-11 00:20:30] [DEBUG] → _regenerate_preview()
[2026-02-11 00:20:30] [DEBUG] Preview cleared (empty input)
[2026-02-11 00:20:30] [DEBUG] ← _regenerate_preview → None  (0.000s)
[2026-02-11 00:21:05] [INFO] Cozy Animator launched (debug mode: True)
[2026-02-11 00:21:05] [INFO] TextAnimatorWindow initializing...
[2026-02-11 00:21:05] [INFO] TextAnimatorWindow ready
[2026-02-11 00:21:05] [DEBUG] → _regenerate_preview()
[2026-02-11 00:21:05] [DEBUG] Preview cleared (empty input)
[2026-02-11 00:21:05] [DEBUG] ← _regenerate_preview → None  (0.000s)
[2026-02-11 00:21:35] [INFO] Cozy Animator launched (debug mode: True)
[2026-02-11 00:21:35] [INFO] TextAnimatorWindow initializing...
[2026-02-11 00:21:35] [INFO] TextAnimatorWindow ready
[2026-02-11 00:21:35] [DEBUG] → _regenerate_preview()
[2026-02-11 00:21:35] [DEBUG] Preview cleared (empty input)
[2026-02-11 00:21:35] [DEBUG] ← _regenerate_preview → None  (0.000s)
[2026-02-11 00:21:58] [INFO] Cozy Animator launched (debug mode: True)
[2026-02-11 00:21:58] [INFO] TextAnimatorWindow initializing...
[2026-02-11 00:21:58] [INFO] TextAnimatorWindow ready
[2026-02-11 00:21:58] [DEBUG] → _regenerate_preview()
[2026-02-11 00:21:58] [DEBUG] Preview cleared (empty input)
[2026-02-11 00:21:58] [DEBUG] ← _regenerate_preview → None  (0.000s)
[2026-02-11 00:22:15] [INFO] Cozy Animator launched (debug mode: True)
[2026-02-11 00:22:15] [INFO] TextAnimatorWindow initializing...
[2026-02-11 00:22:15] [INFO] TextAnimatorWindow ready
[2026-02-11 00:22:15] [DEBUG] → _regenerate_preview()
[2026-02-11 00:22:15] [DEBUG] Preview cleared (empty input)
[2026-02-11 00:22:15] [DEBUG] ← _regenerate_preview → None  (0.000s)
[2026-02-11 00:22:35] [INFO] Cozy Animator launched (debug mode: True)
[2026-02-11 00:22:35] [INFO] TextAnimatorWindow initializing...
[2026-02-11 00:22:35] [INFO] TextAnimatorWindow ready
[2026-02-11 00:22:35] [DEBUG] → _regenerate_preview()
[2026-02-11 00:22:35] [DEBUG] Preview cleared (empty input)
[2026-02-11 00:22:35] [DEBUG] ← _regenerate_preview → None  (0.000s)
[2026-02-11 00:25:09] [INFO] Cozy Animator launched (debug mode: True)
[2026-02-11 00:25:09] [INFO] TextAnimatorWindow initializing...
[2026-02-11 00:25:09] [INFO] TextAnimatorWindow ready
[2026-02-11 00:25:09] [DEBUG] → _regenerate_preview()
[2026-02-11 00:25:09] [DEBUG] Preview cleared (empty input)
[2026-02-11 00:25:09] [DEBUG] ← _regenerate_preview → None  (0.000s)
