[2026-02-16 04:47:23] [INFO] Cozy Animator launched (debug mode: True)
[2026-02-16 04:47:23] [INFO] TextAnimatorWindow initializing...
[2026-02-16 04:47:23] [INFO] TextAnimatorWindow ready
[2026-02-16 04:47:23] [DEBUG] → _regenerate_preview()
[2026-02-16 04:47:23] [DEBUG] Preview cleared (empty input)
[2026-02-16 04:47:23] [DEBUG] ← _regenerate_preview → None  (0.001s)
[2026-02-16 04:47:30] [DEBUG] → _regenerate_preview()
[2026-02-16 04:47:30] [DEBUG] → _generate_in_memory_frames()
[2026-02-16 04:47:30] [DEBUG] ← _generate_in_memory_frames → …  (0.059s)
[2026-02-16 04:47:30] [DEBUG] Preview regenerated successfully – 4 frames
[2026-02-16 04:47:30] [DEBUG] ← _regenerate_preview → None  (0.062s)
[2026-02-16 04:47:31] [DEBUG] → _regenerate_preview()
[2026-02-16 04:47:31] [DEBUG] → _generate_in_memory_frames()
[2026-02-16 04:47:31] [DEBUG] ← _generate_in_memory_frames → …  (0.047s)
[2026-02-16 04:47:31] [DEBUG] Preview regenerated successfully – 4 frames
[2026-02-16 04:47:31] [DEBUG] ← _regenerate_preview → None  (0.049s)
[2026-02-16 04:47:32] [DEBUG] → _regenerate_preview()
[2026-02-16 04:47:32] [DEBUG] → _generate_in_memory_frames()
[2026-02-16 04:47:32] [DEBUG] ← _generate_in_memory_frames → …  (0.048s)
[2026-02-16 04:47:32] [DEBUG] Preview regenerated successfully – 4 frames
[2026-02-16 04:47:32] [DEBUG] ← _regenerate_preview → None  (0.049s)
[2026-02-16 04:47:33] [DEBUG] → _regenerate_preview()
[2026-02-16 04:47:33] [DEBUG] → _generate_in_memory_frames()
[2026-02-16 04:47:34] [DEBUG] ← _generate_in_memory_frames → …  (0.049s)
[2026-02-16 04:47:34] [DEBUG] Preview regenerated successfully – 4 frames
[2026-02-16 04:47:34] [DEBUG] ← _regenerate_preview → None  (0.051s)
[2026-02-16 04:47:34] [DEBUG] → _regenerate_preview()
[2026-02-16 04:47:34] [DEBUG] → _generate_in_memory_frames()
[2026-02-16 04:47:35] [DEBUG] ← _generate_in_memory_frames → …  (0.045s)
[2026-02-16 04:47:35] [DEBUG] Preview regenerated successfully – 4 frames
[2026-02-16 04:47:35] [DEBUG] ← _regenerate_preview → None  (0.048s)
[2026-02-16 04:47:35] [DEBUG] → _regenerate_preview()
[2026-02-16 04:47:35] [DEBUG] → _generate_in_memory_frames()
[2026-02-16 04:47:36] [DEBUG] ← _generate_in_memory_frames → …  (0.046s)
[2026-02-16 04:47:36] [DEBUG] Preview regenerated successfully – 4 frames
[2026-02-16 04:47:36] [DEBUG] ← _regenerate_preview → None  (0.048s)
[2026-02-16 04:47:36] [DEBUG] → _regenerate_preview()
[2026-02-16 04:47:36] [DEBUG] → _generate_in_memory_frames()
[2026-02-16 04:47:37] [DEBUG] ← _generate_in_memory_frames → …  (0.046s)
[2026-02-16 04:47:37] [DEBUG] Preview regenerated successfully – 4 frames
[2026-02-16 04:47:37] [DEBUG] ← _regenerate_preview → None  (0.048s)
[2026-02-16 04:47:37] [DEBUG] → _regenerate_preview()
[2026-02-16 04:47:37] [DEBUG] → _generate_in_memory_frames()
[2026-02-16 04:47:38] [DEBUG] ← _generate_in_memory_frames → …  (0.048s)
[2026-02-16 04:47:38] [DEBUG] Preview regenerated successfully – 4 frames
[2026-02-16 04:47:38] [DEBUG] ← _regenerate_preview → None  (0.052s)
[2026-02-16 04:47:38] [DEBUG] → _regenerate_preview()
[2026-02-16 04:47:38] [DEBUG] → _generate_in_memory_frames()
[2026-02-16 04:47:39] [DEBUG] ← _generate_in_memory_frames → …  (0.048s)
[2026-02-16 04:47:39] [DEBUG] Preview regenerated successfully – 4 frames
[2026-02-16 04:47:39] [DEBUG] ← _regenerate_preview → None  (0.050s)
[2026-02-16 04:47:39] [DEBUG] → _regenerate_preview()
[2026-02-16 04:47:39] [DEBUG] → _generate_in_memory_frames()
[2026-02-16 04:47:40] [DEBUG] ← _generate_in_memory_frames → …  (0.048s)
[2026-02-16 04:47:40] [DEBUG] Preview regenerated successfully – 4 frames
[2026-02-16 04:47:40] [DEBUG] ← _regenerate_preview → None  (0.049s)
[2026-02-16 04:47:40] [INFO] Preview playback paused by user
[2026-02-16 04:47:41] [DEBUG] → _regenerate_preview()
[2026-02-16 04:47:41] [DEBUG] → _generate_in_memory_frames()
[2026-02-16 04:47:41] [DEBUG] ← _generate_in_memory_frames → …  (0.048s)
[2026-02-16 04:47:41] [DEBUG] Preview regenerated successfully – 4 frames
[2026-02-16 04:47:41] [DEBUG] ← _regenerate_preview → None  (0.049s)
[2026-02-16 04:47:42] [DEBUG] → _regenerate_preview()
[2026-02-16 04:47:42] [DEBUG] → _generate_in_memory_frames()
[2026-02-16 04:47:42] [DEBUG] ← _generate_in_memory_frames → …  (0.047s)
[2026-02-16 04:47:42] [DEBUG] Preview regenerated successfully – 4 frames
[2026-02-16 04:47:42] [DEBUG] ← _regenerate_preview → None  (0.049s)
[2026-02-16 04:47:43] [DEBUG] → _regenerate_preview()
[2026-02-16 04:47:43] [DEBUG] → _generate_in_memory_frames()
[2026-02-16 04:47:43] [DEBUG] ← _generate_in_memory_frames → …  (0.046s)
[2026-02-16 04:47:43] [DEBUG] Preview regenerated successfully – 4 frames
[2026-02-16 04:47:43] [DEBUG] ← _regenerate_preview → None  (0.047s)
[2026-02-16 04:47:44] [DEBUG] → _regenerate_preview()
[2026-02-16 04:47:44] [DEBUG] → _generate_in_memory_frames()
[2026-02-16 04:47:44] [DEBUG] ← _generate_in_memory_frames → …  (0.048s)
[2026-02-16 04:47:44] [DEBUG] Preview regenerated successfully – 4 frames
[2026-02-16 04:47:44] [DEBUG] ← _regenerate_preview → None  (0.051s)
[2026-02-16 04:47:45] [DEBUG] → _regenerate_preview()
[2026-02-16 04:47:45] [DEBUG] → _generate_in_memory_frames()
[2026-02-16 04:47:45] [DEBUG] ← _generate_in_memory_frames → …  (0.046s)
[2026-02-16 04:47:45] [DEBUG] Preview regenerated successfully – 4 frames
[2026-02-16 04:47:45] [DEBUG] ← _regenerate_preview → None  (0.048s)
[2026-02-16 04:47:46] [DEBUG] → _regenerate_preview()
[2026-02-16 04:47:46] [DEBUG] → _generate_in_memory_frames()
[2026-02-16 04:47:46] [DEBUG] ← _generate_in_memory_frames → …  (0.045s)
[2026-02-16 04:47:46] [DEBUG] Preview regenerated successfully – 4 frames
[2026-02-16 04:47:46] [DEBUG] ← _regenerate_preview → None  (0.047s)
[2026-02-16 04:47:47] [DEBUG] → _regenerate_preview()
[2026-02-16 04:47:47] [DEBUG] → _generate_in_memory_frames()
[2026-02-16 04:47:47] [DEBUG] ← _generate_in_memory_frames → …  (0.047s)
[2026-02-16 04:47:47] [DEBUG] Preview regenerated successfully – 4 frames
[2026-02-16 04:47:47] [DEBUG] ← _regenerate_preview → None  (0.048s)
[2026-02-16 04:47:48] [DEBUG] → _regenerate_preview()
[2026-02-16 04:47:48] [DEBUG] → _generate_in_memory_frames()
[2026-02-16 04:47:48] [DEBUG] ← _generate_in_memory_frames → …  (0.094s)
[2026-02-16 04:47:48] [DEBUG] Preview regenerated successfully – 8 frames
[2026-02-16 04:47:48] [DEBUG] ← _regenerate_preview → None  (0.095s)
[2026-02-16 04:47:50] [DEBUG] → _regenerate_preview()
[2026-02-16 04:47:50] [DEBUG] → _generate_in_memory_frames()
[2026-02-16 04:47:50] [DEBUG] ← _generate_in_memory_frames → …  (0.200s)
[2026-02-16 04:47:50] [DEBUG] Preview regenerated successfully – 17 frames
[2026-02-16 04:47:50] [DEBUG] ← _regenerate_preview → None  (0.201s)
[2026-02-16 04:47:51] [DEBUG] → _regenerate_preview()
[2026-02-16 04:47:51] [DEBUG] → _generate_in_memory_frames()
[2026-02-16 04:47:51] [DEBUG] ← _generate_in_memory_frames → …  (0.199s)
[2026-02-16 04:47:51] [DEBUG] Preview regenerated successfully – 17 frames
[2026-02-16 04:47:51] [DEBUG] ← _regenerate_preview → None  (0.201s)
[2026-02-16 04:47:52] [DEBUG] → _regenerate_preview()
[2026-02-16 04:47:52] [DEBUG] → _generate_in_memory_frames()
[2026-02-16 04:47:53] [DEBUG] ← _generate_in_memory_frames → …  (0.110s)
[2026-02-16 04:47:53] [DEBUG] Preview regenerated successfully – 9 frames
[2026-02-16 04:47:53] [DEBUG] ← _regenerate_preview → None  (0.112s)
[2026-02-16 04:47:53] [DEBUG] → _regenerate_preview()
[2026-02-16 04:47:53] [DEBUG] → _generate_in_memory_frames()
[2026-02-16 04:47:53] [DEBUG] ← _generate_in_memory_frames → …  (0.154s)
[2026-02-16 04:47:53] [DEBUG] Preview regenerated successfully – 11 frames
[2026-02-16 04:47:53] [DEBUG] ← _regenerate_preview → None  (0.156s)
[2026-02-16 04:47:56] [DEBUG] → _regenerate_preview()
[2026-02-16 04:47:56] [DEBUG] → _generate_in_memory_frames()
[2026-02-16 04:47:56] [DEBUG] ← _generate_in_memory_frames → …  (0.296s)
[2026-02-16 04:47:56] [DEBUG] Preview regenerated successfully – 25 frames
[2026-02-16 04:47:56] [DEBUG] ← _regenerate_preview → None  (0.299s)
[2026-02-16 04:47:57] [DEBUG] → _regenerate_preview()
[2026-02-16 04:47:57] [DEBUG] → _generate_in_memory_frames()
[2026-02-16 04:47:57] [DEBUG] ← _generate_in_memory_frames → …  (0.310s)
[2026-02-16 04:47:57] [DEBUG] Preview regenerated successfully – 25 frames
[2026-02-16 04:47:57] [DEBUG] ← _regenerate_preview → None  (0.313s)
[2026-02-16 04:47:58] [DEBUG] → _regenerate_preview()
[2026-02-16 04:47:58] [DEBUG] → _generate_in_memory_frames()
[2026-02-16 04:47:58] [DEBUG] ← _generate_in_memory_frames → …  (0.357s)
[2026-02-16 04:47:58] [DEBUG] Preview regenerated successfully – 25 frames
[2026-02-16 04:47:58] [DEBUG] ← _regenerate_preview → None  (0.360s)
[2026-02-16 04:47:59] [DEBUG] → _regenerate_preview()
[2026-02-16 04:47:59] [DEBUG] → _generate_in_memory_frames()
[2026-02-16 04:47:59] [DEBUG] ← _generate_in_memory_frames → …  (0.328s)
[2026-02-16 04:47:59] [DEBUG] Preview regenerated successfully – 25 frames
[2026-02-16 04:47:59] [DEBUG] ← _regenerate_preview → None  (0.331s)
[2026-02-16 04:48:00] [DEBUG] → _regenerate_preview()
[2026-02-16 04:48:00] [DEBUG] → _generate_in_memory_frames()
[2026-02-16 04:48:00] [DEBUG] ← _generate_in_memory_frames → …  (0.323s)
[2026-02-16 04:48:00] [DEBUG] Preview regenerated successfully – 25 frames
[2026-02-16 04:48:00] [DEBUG] ← _regenerate_preview → None  (0.327s)
[2026-02-16 04:48:01] [DEBUG] → _regenerate_preview()
[2026-02-16 04:48:01] [DEBUG] → _generate_in_memory_frames()
[2026-02-16 04:48:01] [DEBUG] ← _generate_in_memory_frames → …  (0.315s)
[2026-02-16 04:48:01] [DEBUG] Preview regenerated successfully – 25 frames
[2026-02-16 04:48:01] [DEBUG] ← _regenerate_preview → None  (0.319s)
[2026-02-16 04:48:02] [DEBUG] → _regenerate_preview()
[2026-02-16 04:48:02] [DEBUG] → _generate_in_memory_frames()
[2026-02-16 04:48:02] [DEBUG] ← _generate_in_memory_frames → …  (0.313s)
[2026-02-16 04:48:02] [DEBUG] Preview regenerated successfully – 25 frames
[2026-02-16 04:48:02] [DEBUG] ← _regenerate_preview → None  (0.315s)
[2026-02-16 04:48:03] [DEBUG] → _regenerate_preview()
[2026-02-16 04:48:03] [DEBUG] → _generate_in_memory_frames()
[2026-02-16 04:48:03] [DEBUG] ← _generate_in_memory_frames → …  (0.319s)
[2026-02-16 04:48:03] [DEBUG] Preview regenerated successfully – 25 frames
[2026-02-16 04:48:03] [DEBUG] ← _regenerate_preview → None  (0.322s)
[2026-02-16 04:48:04] [DEBUG] → _regenerate_preview()
[2026-02-16 04:48:04] [DEBUG] → _generate_in_memory_frames()
[2026-02-16 04:48:04] [DEBUG] ← _generate_in_memory_frames → …  (0.304s)
[2026-02-16 04:48:04] [DEBUG] Preview regenerated successfully – 25 frames
[2026-02-16 04:48:04] [DEBUG] ← _regenerate_preview → None  (0.307s)
[2026-02-16 04:48:05] [DEBUG] → _regenerate_preview()
[2026-02-16 04:48:05] [DEBUG] → _generate_in_memory_frames()
[2026-02-16 04:48:05] [DEBUG] ← _generate_in_memory_frames → …  (0.308s)
[2026-02-16 04:48:05] [DEBUG] Preview regenerated successfully – 25 frames
[2026-02-16 04:48:05] [DEBUG] ← _regenerate_preview → None  (0.312s)
[2026-02-16 04:48:06] [INFO] Preview playback paused by user
[2026-02-16 04:48:06] [DEBUG] → _regenerate_preview()
[2026-02-16 04:48:06] [DEBUG] → _generate_in_memory_frames()
[2026-02-16 04:48:06] [DEBUG] ← _generate_in_memory_frames → …  (0.301s)
[2026-02-16 04:48:06] [DEBUG] Preview regenerated successfully – 25 frames
[2026-02-16 04:48:06] [DEBUG] ← _regenerate_preview → None  (0.304s)
[2026-02-16 04:48:07] [DEBUG] → _regenerate_preview()
[2026-02-16 04:48:07] [DEBUG] → _generate_in_memory_frames()
[2026-02-16 04:48:07] [DEBUG] ← _generate_in_memory_frames → …  (0.295s)
[2026-02-16 04:48:07] [DEBUG] Preview regenerated successfully – 25 frames
[2026-02-16 04:48:07] [DEBUG] ← _regenerate_preview → None  (0.299s)
[2026-02-16 04:48:08] [DEBUG] → _regenerate_preview()
[2026-02-16 04:48:08] [DEBUG] → _generate_in_memory_frames()
[2026-02-16 04:48:08] [DEBUG] ← _generate_in_memory_frames → …  (0.295s)
[2026-02-16 04:48:08] [DEBUG] Preview regenerated successfully – 25 frames
[2026-02-16 04:48:08] [DEBUG] ← _regenerate_preview → None  (0.299s)
[2026-02-16 04:48:09] [DEBUG] → _regenerate_preview()
[2026-02-16 04:48:09] [DEBUG] → _generate_in_memory_frames()
[2026-02-16 04:48:09] [DEBUG] ← _generate_in_memory_frames → …  (0.296s)
[2026-02-16 04:48:09] [DEBUG] Preview regenerated successfully – 25 frames
[2026-02-16 04:48:09] [DEBUG] ← _regenerate_preview → None  (0.300s)
[2026-02-16 04:48:10] [DEBUG] → _regenerate_preview()
[2026-02-16 04:48:10] [DEBUG] → _generate_in_memory_frames()
[2026-02-16 04:48:10] [DEBUG] ← _generate_in_memory_frames → …  (0.288s)
[2026-02-16 04:48:10] [DEBUG] Preview regenerated successfully – 25 frames
[2026-02-16 04:48:10] [DEBUG] ← _regenerate_preview → None  (0.291s)
[2026-02-16 04:49:09] [INFO] Cozy Animator launched (debug mode: True)
[2026-02-16 04:49:09] [INFO] TextAnimatorWindow initializing...
[2026-02-16 04:49:09] [INFO] TextAnimatorWindow ready
[2026-02-16 04:49:09] [DEBUG] → _regenerate_preview()
[2026-02-16 04:49:09] [DEBUG] Preview cleared (empty input)
[2026-02-16 04:49:09] [DEBUG] ← _regenerate_preview → None  (0.000s)
[2026-02-16 04:50:28] [DEBUG] → _regenerate_preview()
[2026-02-16 04:50:28] [DEBUG] → _generate_in_memory_frames()
[2026-02-16 04:50:28] [DEBUG] ← _generate_in_memory_frames → …  (0.116s)
[2026-02-16 04:50:28] [DEBUG] Preview regenerated successfully – 9 frames
[2026-02-16 04:50:28] [DEBUG] ← _regenerate_preview → None  (0.119s)
[2026-02-16 04:50:29] [DEBUG] → _regenerate_preview()
[2026-02-16 04:50:29] [DEBUG] → _generate_in_memory_frames()
[2026-02-16 04:50:29] [DEBUG] ← _generate_in_memory_frames → …  (0.046s)
[2026-02-16 04:50:29] [DEBUG] Preview regenerated successfully – 4 frames
[2026-02-16 04:50:29] [DEBUG] ← _regenerate_preview → None  (0.048s)
[2026-02-16 04:50:30] [DEBUG] → _regenerate_preview()
[2026-02-16 04:50:30] [DEBUG] → _generate_in_memory_frames()
[2026-02-16 04:50:30] [DEBUG] ← _generate_in_memory_frames → …  (0.045s)
[2026-02-16 04:50:30] [DEBUG] Preview regenerated successfully – 4 frames
[2026-02-16 04:50:30] [DEBUG] ← _regenerate_preview → None  (0.047s)
[2026-02-16 04:50:33] [DEBUG] → _regenerate_preview()
[2026-02-16 04:50:33] [DEBUG] → _generate_in_memory_frames()
[2026-02-16 04:50:34] [DEBUG] ← _generate_in_memory_frames → …  (0.298s)
[2026-02-16 04:50:34] [DEBUG] Preview regenerated successfully – 25 frames
[2026-02-16 04:50:34] [DEBUG] ← _regenerate_preview → None  (0.300s)
[2026-02-16 04:50:36] [DEBUG] → _regenerate_preview()
[2026-02-16 04:50:36] [DEBUG] → _generate_in_memory_frames()
[2026-02-16 04:50:37] [DEBUG] ← _generate_in_memory_frames → …  (0.497s)
[2026-02-16 04:50:37] [DEBUG] Preview regenerated successfully – 43 frames
[2026-02-16 04:50:37] [DEBUG] ← _regenerate_preview → None  (0.499s)
[2026-02-16 04:50:37] [DEBUG] → _regenerate_preview()
[2026-02-16 04:50:37] [DEBUG] → _generate_in_memory_frames()
[2026-02-16 04:50:38] [DEBUG] ← _generate_in_memory_frames → …  (0.536s)
[2026-02-16 04:50:38] [DEBUG] Preview regenerated successfully – 47 frames
[2026-02-16 04:50:38] [DEBUG] ← _regenerate_preview → None  (0.541s)
[2026-02-16 04:50:38] [DEBUG] → _regenerate_preview()
[2026-02-16 04:50:38] [DEBUG] → _generate_in_memory_frames()
[2026-02-16 04:50:39] [DEBUG] ← _generate_in_memory_frames → …  (0.609s)
[2026-02-16 04:50:39] [DEBUG] Preview regenerated successfully – 53 frames
[2026-02-16 04:50:39] [DEBUG] ← _regenerate_preview → None  (0.614s)
[2026-02-16 04:50:39] [DEBUG] → _regenerate_preview()
[2026-02-16 04:50:39] [DEBUG] → _generate_in_memory_frames()
[2026-02-16 04:50:40] [DEBUG] ← _generate_in_memory_frames → …  (0.621s)
[2026-02-16 04:50:40] [DEBUG] Preview regenerated successfully – 54 frames
[2026-02-16 04:50:40] [DEBUG] ← _regenerate_preview → None  (0.627s)
[2026-02-16 04:50:40] [DEBUG] → _regenerate_preview()
[2026-02-16 04:50:40] [DEBUG] → _generate_in_memory_frames()
[2026-02-16 04:50:41] [DEBUG] ← _generate_in_memory_frames → …  (0.707s)
[2026-02-16 04:50:41] [DEBUG] Preview regenerated successfully – 60 frames
[2026-02-16 04:50:41] [DEBUG] ← _regenerate_preview → None  (0.713s)
[2026-02-16 04:50:42] [DEBUG] → _regenerate_preview()
[2026-02-16 04:50:42] [DEBUG] → _generate_in_memory_frames()
[2026-02-16 04:50:43] [DEBUG] ← _generate_in_memory_frames → …  (0.885s)
[2026-02-16 04:50:43] [DEBUG] Preview regenerated successfully – 74 frames
[2026-02-16 04:50:43] [DEBUG] ← _regenerate_preview → None  (0.890s)
[2026-02-16 04:50:45] [DEBUG] → _regenerate_preview()
[2026-02-16 04:50:45] [DEBUG] → _generate_in_memory_frames()
[2026-02-16 04:50:46] [DEBUG] ← _generate_in_memory_frames → …  (1.072s)
[2026-02-16 04:50:46] [DEBUG] Preview regenerated successfully – 91 frames
[2026-02-16 04:50:46] [DEBUG] ← _regenerate_preview → None  (1.078s)
[2026-02-16 04:50:47] [DEBUG] → _regenerate_preview()
[2026-02-16 04:50:47] [DEBUG] → _generate_in_memory_frames()
[2026-02-16 04:50:48] [DEBUG] ← _generate_in_memory_frames → …  (1.260s)
[2026-02-16 04:50:48] [DEBUG] Preview regenerated successfully – 105 frames
[2026-02-16 04:50:48] [DEBUG] ← _regenerate_preview → None  (1.268s)
[2026-02-16 04:50:48] [DEBUG] → _regenerate_preview()
[2026-02-16 04:50:48] [DEBUG] → _generate_in_memory_frames()
[2026-02-16 04:50:50] [DEBUG] ← _generate_in_memory_frames → …  (1.306s)
[2026-02-16 04:50:50] [DEBUG] Preview regenerated successfully – 107 frames
[2026-02-16 04:50:50] [DEBUG] ← _regenerate_preview → None  (1.316s)
[2026-02-16 04:50:51] [DEBUG] → _regenerate_preview()
[2026-02-16 04:50:51] [DEBUG] → _generate_in_memory_frames()
[2026-02-16 04:50:52] [DEBUG] ← _generate_in_memory_frames → …  (1.348s)
[2026-02-16 04:50:52] [DEBUG] Preview regenerated successfully – 115 frames
[2026-02-16 04:50:52] [DEBUG] ← _regenerate_preview → None  (1.357s)
[2026-02-16 04:50:52] [DEBUG] → _regenerate_preview()
[2026-02-16 04:50:52] [DEBUG] → _generate_in_memory_frames()
[2026-02-16 04:50:54] [DEBUG] ← _generate_in_memory_frames → …  (1.812s)
[2026-02-16 04:50:54] [DEBUG] Preview regenerated successfully – 115 frames
[2026-02-16 04:50:54] [DEBUG] ← _regenerate_preview → None  (1.824s)
[2026-02-16 04:50:55] [DEBUG] → _regenerate_preview()
[2026-02-16 04:50:55] [DEBUG] → _generate_in_memory_frames()
[2026-02-16 04:50:56] [DEBUG] ← _generate_in_memory_frames → …  (1.614s)
[2026-02-16 04:50:56] [DEBUG] Preview regenerated successfully – 115 frames
[2026-02-16 04:50:56] [DEBUG] ← _regenerate_preview → None  (1.626s)
[2026-02-16 04:50:56] [DEBUG] → _regenerate_preview()
[2026-02-16 04:50:56] [DEBUG] → _generate_in_memory_frames()
[2026-02-16 04:50:58] [DEBUG] ← _generate_in_memory_frames → …  (1.845s)
[2026-02-16 04:50:58] [DEBUG] Preview regenerated successfully – 115 frames
[2026-02-16 04:50:58] [DEBUG] ← _regenerate_preview → None  (1.857s)
[2026-02-16 04:50:59] [DEBUG] → _regenerate_preview()
[2026-02-16 04:50:59] [DEBUG] → _generate_in_memory_frames()
[2026-02-16 04:51:01] [DEBUG] ← _generate_in_memory_frames → …  (1.863s)
[2026-02-16 04:51:01] [DEBUG] Preview regenerated successfully – 115 frames
[2026-02-16 04:51:01] [DEBUG] ← _regenerate_preview → None  (1.876s)
[2026-02-16 04:51:01] [DEBUG] → _regenerate_preview()
[2026-02-16 04:51:01] [DEBUG] → _generate_in_memory_frames()
[2026-02-16 04:51:03] [DEBUG] ← _generate_in_memory_frames → …  (1.866s)
[2026-02-16 04:51:03] [DEBUG] Preview regenerated successfully – 115 frames
[2026-02-16 04:51:03] [DEBUG] ← _regenerate_preview → None  (1.879s)
